[debug] [2025-10-16T01:21:44.135Z] ----------------------------------------------------------------------
[debug] [2025-10-16T01:21:44.137Z] Command:       C:\Program Files\nodejs\node.exe C:\Users\pomaj\AppData\Roaming\npm\node_modules\firebase-tools\lib\bin\firebase.js init
[debug] [2025-10-16T01:21:44.137Z] CLI Version:   14.20.0
[debug] [2025-10-16T01:21:44.137Z] Platform:      win32
[debug] [2025-10-16T01:21:44.137Z] Node Version:  v22.15.1
[debug] [2025-10-16T01:21:44.137Z] Time:          Wed Oct 15 2025 20:21:44 GMT-0500 (hora estándar de Perú)
[debug] [2025-10-16T01:21:44.138Z] ----------------------------------------------------------------------
[debug] 
[info] 
     ######## #### ########  ######## ########     ###     ######  ########
     ##        ##  ##     ## ##       ##     ##  ##   ##  ##       ##
     ######    ##  ########  ######   ########  #########  ######  ######
     ##        ##  ##    ##  ##       ##     ## ##     ##       ## ##
     ##       #### ##     ## ######## ########  ##     ##  ######  ########

You're about to initialize a Firebase project in this directory:

  C:\Users\pomaj\Downloads\UTEC\UTEC_2025_1\Disrupton_proyecto_completo\disrupton-front

[info] 
=== Project Setup
[info] 
[info] First, let's associate this project directory with a Firebase project.
[info] You can create multiple project aliases by running firebase use --add, 
[info] 
[debug] [2025-10-16T01:22:50.276Z] > command requires scopes: ["email","openid","https://www.googleapis.com/auth/cloudplatformprojects.readonly","https://www.googleapis.com/auth/firebase","https://www.googleapis.com/auth/cloud-platform"]
[debug] [2025-10-16T01:22:50.277Z] > authorizing via signed-in user (juan.velo@utec.edu.pe)
[debug] [2025-10-16T01:22:50.279Z] Checked if tokens are valid: true, expires at: 1760581161892
[debug] [2025-10-16T01:22:50.279Z] Checked if tokens are valid: true, expires at: 1760581161892
[debug] [2025-10-16T01:22:50.281Z] >>> [apiv2][query] GET https://firebase.googleapis.com/v1beta1/projects pageSize=100
[debug] [2025-10-16T01:22:51.105Z] <<< [apiv2][status] GET https://firebase.googleapis.com/v1beta1/projects 200
[debug] [2025-10-16T01:22:51.106Z] <<< [apiv2][body] GET https://firebase.googleapis.com/v1beta1/projects [omitted]
[info] 
=== Dataconnect Setup
[debug] [2025-10-16T01:22:57.844Z] Checked if tokens are valid: true, expires at: 1760581161892
[debug] [2025-10-16T01:22:57.844Z] Checked if tokens are valid: true, expires at: 1760581161892
[debug] [2025-10-16T01:22:57.844Z] >>> [apiv2][query] GET https://cloudbilling.googleapis.com/v1/projects/disrupton-new/billingInfo [none]
[debug] [2025-10-16T01:22:59.003Z] <<< [apiv2][status] GET https://cloudbilling.googleapis.com/v1/projects/disrupton-new/billingInfo 200
[debug] [2025-10-16T01:22:59.004Z] <<< [apiv2][body] GET https://cloudbilling.googleapis.com/v1/projects/disrupton-new/billingInfo {"name":"projects/disrupton-new/billingInfo","projectId":"disrupton-new","billingAccountName":"billingAccounts/0106B4-479F9B-F041E2","billingEnabled":true}
[info] i  dataconnect: ensuring required API firebasedataconnect.googleapis.com is enabled... 
[debug] [2025-10-16T01:22:59.007Z] Checked if tokens are valid: true, expires at: 1760581161892
[debug] [2025-10-16T01:22:59.007Z] Checked if tokens are valid: true, expires at: 1760581161892
[info] i  dataconnect: ensuring required API sqladmin.googleapis.com is enabled... 
[debug] [2025-10-16T01:22:59.009Z] Checked if tokens are valid: true, expires at: 1760581161892
[debug] [2025-10-16T01:22:59.010Z] Checked if tokens are valid: true, expires at: 1760581161892
[debug] [2025-10-16T01:22:59.010Z] >>> [apiv2][query] GET https://serviceusage.googleapis.com/v1/projects/disrupton-new/services/firebasedataconnect.googleapis.com [none]
[debug] [2025-10-16T01:22:59.010Z] >>> [apiv2][(partial)header] GET https://serviceusage.googleapis.com/v1/projects/disrupton-new/services/firebasedataconnect.googleapis.com x-goog-quota-user=projects/disrupton-new
[debug] [2025-10-16T01:22:59.014Z] >>> [apiv2][query] GET https://serviceusage.googleapis.com/v1/projects/disrupton-new/services/sqladmin.googleapis.com [none]
[debug] [2025-10-16T01:22:59.014Z] >>> [apiv2][(partial)header] GET https://serviceusage.googleapis.com/v1/projects/disrupton-new/services/sqladmin.googleapis.com x-goog-quota-user=projects/disrupton-new
[debug] [2025-10-16T01:23:00.275Z] <<< [apiv2][status] GET https://serviceusage.googleapis.com/v1/projects/disrupton-new/services/sqladmin.googleapis.com 200
[debug] [2025-10-16T01:23:00.275Z] <<< [apiv2][body] GET https://serviceusage.googleapis.com/v1/projects/disrupton-new/services/sqladmin.googleapis.com [omitted]
[warn] !  dataconnect: missing required API sqladmin.googleapis.com. Enabling now... 
[debug] [2025-10-16T01:23:00.277Z] Checked if tokens are valid: true, expires at: 1760581161892
[debug] [2025-10-16T01:23:00.278Z] Checked if tokens are valid: true, expires at: 1760581161892
[debug] [2025-10-16T01:23:00.278Z] >>> [apiv2][query] POST https://serviceusage.googleapis.com/v1/projects/disrupton-new/services/sqladmin.googleapis.com:enable [none]
[debug] [2025-10-16T01:23:00.278Z] >>> [apiv2][(partial)header] POST https://serviceusage.googleapis.com/v1/projects/disrupton-new/services/sqladmin.googleapis.com:enable x-goog-quota-user=projects/disrupton-new
[debug] [2025-10-16T01:23:00.336Z] <<< [apiv2][status] GET https://serviceusage.googleapis.com/v1/projects/disrupton-new/services/firebasedataconnect.googleapis.com 200
[debug] [2025-10-16T01:23:00.337Z] <<< [apiv2][body] GET https://serviceusage.googleapis.com/v1/projects/disrupton-new/services/firebasedataconnect.googleapis.com [omitted]
[warn] !  dataconnect: missing required API firebasedataconnect.googleapis.com. Enabling now... 
[debug] [2025-10-16T01:23:00.338Z] Checked if tokens are valid: true, expires at: 1760581161892
[debug] [2025-10-16T01:23:00.338Z] Checked if tokens are valid: true, expires at: 1760581161892
[debug] [2025-10-16T01:23:00.339Z] >>> [apiv2][query] POST https://serviceusage.googleapis.com/v1/projects/disrupton-new/services/firebasedataconnect.googleapis.com:enable [none]
[debug] [2025-10-16T01:23:00.339Z] >>> [apiv2][(partial)header] POST https://serviceusage.googleapis.com/v1/projects/disrupton-new/services/firebasedataconnect.googleapis.com:enable x-goog-quota-user=projects/disrupton-new
[debug] [2025-10-16T01:23:00.697Z] <<< [apiv2][status] POST https://serviceusage.googleapis.com/v1/projects/disrupton-new/services/sqladmin.googleapis.com:enable 200
[debug] [2025-10-16T01:23:00.697Z] <<< [apiv2][body] POST https://serviceusage.googleapis.com/v1/projects/disrupton-new/services/sqladmin.googleapis.com:enable [omitted]
[debug] [2025-10-16T01:23:01.578Z] <<< [apiv2][status] POST https://serviceusage.googleapis.com/v1/projects/disrupton-new/services/firebasedataconnect.googleapis.com:enable 200
[debug] [2025-10-16T01:23:01.578Z] <<< [apiv2][body] POST https://serviceusage.googleapis.com/v1/projects/disrupton-new/services/firebasedataconnect.googleapis.com:enable [omitted]
[debug] [2025-10-16T01:23:11.596Z] Checked if tokens are valid: true, expires at: 1760581161892
[debug] [2025-10-16T01:23:11.596Z] Checked if tokens are valid: true, expires at: 1760581161892
[debug] [2025-10-16T01:23:11.596Z] >>> [apiv2][query] GET https://firebasedataconnect.googleapis.com/v1/projects/disrupton-new/locations/-/services [none]
[debug] [2025-10-16T01:23:13.028Z] <<< [apiv2][status] GET https://firebasedataconnect.googleapis.com/v1/projects/disrupton-new/locations/-/services 200
[debug] [2025-10-16T01:23:13.028Z] <<< [apiv2][body] GET https://firebasedataconnect.googleapis.com/v1/projects/disrupton-new/locations/-/services {}
[info] i  : ensuring required API cloudaicompanion.googleapis.com is enabled... 
[debug] [2025-10-16T01:23:20.205Z] Checked if tokens are valid: true, expires at: 1760581161892
[debug] [2025-10-16T01:23:20.205Z] Checked if tokens are valid: true, expires at: 1760581161892
[debug] [2025-10-16T01:23:20.206Z] >>> [apiv2][query] GET https://serviceusage.googleapis.com/v1/projects/disrupton-new/services/cloudaicompanion.googleapis.com [none]
[debug] [2025-10-16T01:23:20.206Z] >>> [apiv2][(partial)header] GET https://serviceusage.googleapis.com/v1/projects/disrupton-new/services/cloudaicompanion.googleapis.com x-goog-quota-user=projects/disrupton-new
[debug] [2025-10-16T01:23:21.491Z] <<< [apiv2][status] GET https://serviceusage.googleapis.com/v1/projects/disrupton-new/services/cloudaicompanion.googleapis.com 200
[debug] [2025-10-16T01:23:21.492Z] <<< [apiv2][body] GET https://serviceusage.googleapis.com/v1/projects/disrupton-new/services/cloudaicompanion.googleapis.com [omitted]
[info] +  : required API cloudaicompanion.googleapis.com is enabled 
[debug] [2025-10-16T01:23:34.982Z] Checked if tokens are valid: true, expires at: 1760581161892
[debug] [2025-10-16T01:23:34.983Z] Checked if tokens are valid: true, expires at: 1760581161892
[debug] [2025-10-16T01:23:34.985Z] >>> [apiv2][query] GET https://sqladmin.googleapis.com/v1/projects/disrupton-new/instances [none]
[debug] [2025-10-16T01:23:36.701Z] <<< [apiv2][status] GET https://sqladmin.googleapis.com/v1/projects/disrupton-new/instances 200
[debug] [2025-10-16T01:23:36.701Z] <<< [apiv2][body] GET https://sqladmin.googleapis.com/v1/projects/disrupton-new/instances {}
[debug] [2025-10-16T01:23:36.702Z] Checked if tokens are valid: true, expires at: 1760581161892
[debug] [2025-10-16T01:23:36.703Z] Checked if tokens are valid: true, expires at: 1760581161892
[debug] [2025-10-16T01:23:36.703Z] >>> [apiv2][query] GET https://firebasedataconnect.googleapis.com/v1/projects/disrupton-new/locations [none]
[debug] [2025-10-16T01:23:37.743Z] <<< [apiv2][status] GET https://firebasedataconnect.googleapis.com/v1/projects/disrupton-new/locations 200
[debug] [2025-10-16T01:23:37.744Z] <<< [apiv2][body] GET https://firebasedataconnect.googleapis.com/v1/projects/disrupton-new/locations {"locations":[{"name":"projects/disrupton-new/locations/asia-east1","locationId":"asia-east1","displayName":"Taiwan"},{"name":"projects/disrupton-new/locations/asia-east2","locationId":"asia-east2","displayName":"Hong Kong"},{"name":"projects/disrupton-new/locations/asia-northeast1","locationId":"asia-northeast1","displayName":"Tokyo"},{"name":"projects/disrupton-new/locations/asia-northeast2","locationId":"asia-northeast2","displayName":"Osaka"},{"name":"projects/disrupton-new/locations/asia-northeast3","locationId":"asia-northeast3","displayName":"Seoul"},{"name":"projects/disrupton-new/locations/asia-south1","locationId":"asia-south1","displayName":"Mumbai"},{"name":"projects/disrupton-new/locations/asia-southeast1","locationId":"asia-southeast1","displayName":"Singapore"},{"name":"projects/disrupton-new/locations/asia-southeast2","locationId":"asia-southeast2","displayName":"Jakarta"},{"name":"projects/disrupton-new/locations/australia-southeast1","locationId":"australia-southeast1","displayName":"Sydney"},{"name":"projects/disrupton-new/locations/australia-southeast2","locationId":"australia-southeast2","displayName":"Melbourne"},{"name":"projects/disrupton-new/locations/europe-central2","locationId":"europe-central2","displayName":"Warsaw"},{"name":"projects/disrupton-new/locations/europe-north1","locationId":"europe-north1","displayName":"Finland"},{"name":"projects/disrupton-new/locations/europe-southwest1","locationId":"europe-southwest1","displayName":"Madrid"},{"name":"projects/disrupton-new/locations/europe-west1","locationId":"europe-west1","displayName":"Belgium"},{"name":"projects/disrupton-new/locations/europe-west2","locationId":"europe-west2","displayName":"London"},{"name":"projects/disrupton-new/locations/europe-west3","locationId":"europe-west3","displayName":"Frankfurt"},{"name":"projects/disrupton-new/locations/europe-west4","locationId":"europe-west4","displayName":"Netherlands"},{"name":"projects/disrupton-new/locations/europe-west6","locationId":"europe-west6","displayName":"Zurich"},{"name":"projects/disrupton-new/locations/europe-west8","locationId":"europe-west8","displayName":"Milan"},{"name":"projects/disrupton-new/locations/europe-west9","locationId":"europe-west9","displayName":"Paris"},{"name":"projects/disrupton-new/locations/me-west1","locationId":"me-west1","displayName":"Tel Aviv"},{"name":"projects/disrupton-new/locations/northamerica-northeast1","locationId":"northamerica-northeast1","displayName":"Montréal"},{"name":"projects/disrupton-new/locations/northamerica-northeast2","locationId":"northamerica-northeast2","displayName":"Toronto"},{"name":"projects/disrupton-new/locations/southamerica-east1","locationId":"southamerica-east1","displayName":"São Paulo"},{"name":"projects/disrupton-new/locations/southamerica-west1","locationId":"southamerica-west1","displayName":"Santiago"},{"name":"projects/disrupton-new/locations/us-central1","locationId":"us-central1","displayName":"Iowa"},{"name":"projects/disrupton-new/locations/us-east1","locationId":"us-east1","displayName":"South Carolina"},{"name":"projects/disrupton-new/locations/us-east4","locationId":"us-east4","displayName":"Northern Virginia"},{"name":"projects/disrupton-new/locations/us-south1","locationId":"us-south1","displayName":"Dallas"},{"name":"projects/disrupton-new/locations/us-west1","locationId":"us-west1","displayName":"Oregon"},{"name":"projects/disrupton-new/locations/us-west2","locationId":"us-west2","displayName":"Los Angeles"},{"name":"projects/disrupton-new/locations/us-west3","locationId":"us-west3","displayName":"Salt Lake City"},{"name":"projects/disrupton-new/locations/us-west4","locationId":"us-west4","displayName":"Las Vegas"}]}
[info] +  dataconnect: Detected existing apps . (flutter) 
[debug] [2025-10-16T01:32:13.422Z] Checked if tokens are valid: true, expires at: 1760581161892
[debug] [2025-10-16T01:32:13.423Z] Checked if tokens are valid: true, expires at: 1760581161892
[debug] [2025-10-16T01:32:13.424Z] >>> [apiv2][query] POST https://firebasedataconnect.googleapis.com/v1/projects/disrupton-new/locations/us-east1/services service_id=disrupton-front
[debug] [2025-10-16T01:32:13.425Z] >>> [apiv2][body] POST https://firebasedataconnect.googleapis.com/v1/projects/disrupton-new/locations/us-east1/services {"name":"projects/disrupton-new/locations/us-east1/services/disrupton-front"}
[debug] [2025-10-16T01:32:19.385Z] <<< [apiv2][status] POST https://firebasedataconnect.googleapis.com/v1/projects/disrupton-new/locations/us-east1/services 200
[debug] [2025-10-16T01:32:19.386Z] <<< [apiv2][body] POST https://firebasedataconnect.googleapis.com/v1/projects/disrupton-new/locations/us-east1/services {"name":"projects/disrupton-new/locations/us-east1/operations/operation-1760578334102-6413c9634142b-be72b3f8-1fd92783","metadata":{"@type":"type.googleapis.com/google.firebase.dataconnect.v1.OperationMetadata","createTime":"2025-10-16T01:32:18.935395076Z","target":"projects/disrupton-new/locations/us-east1/services/disrupton-front","verb":"create","requestedCancellation":false,"apiVersion":"v1"},"done":false}
[debug] [2025-10-16T01:32:19.389Z] Checked if tokens are valid: true, expires at: 1760581161892
[debug] [2025-10-16T01:32:19.389Z] Checked if tokens are valid: true, expires at: 1760581161892
[debug] [2025-10-16T01:32:19.390Z] >>> [apiv2][query] GET https://firebasedataconnect.googleapis.com/v1/projects/disrupton-new/locations/us-east1/operations/operation-1760578334102-6413c9634142b-be72b3f8-1fd92783 [none]
[debug] [2025-10-16T01:32:19.634Z] <<< [apiv2][status] GET https://firebasedataconnect.googleapis.com/v1/projects/disrupton-new/locations/us-east1/operations/operation-1760578334102-6413c9634142b-be72b3f8-1fd92783 200
[debug] [2025-10-16T01:32:19.634Z] <<< [apiv2][body] GET https://firebasedataconnect.googleapis.com/v1/projects/disrupton-new/locations/us-east1/operations/operation-1760578334102-6413c9634142b-be72b3f8-1fd92783 {"name":"projects/disrupton-new/locations/us-east1/operations/operation-1760578334102-6413c9634142b-be72b3f8-1fd92783","metadata":{"@type":"type.googleapis.com/google.firebase.dataconnect.v1.OperationMetadata","createTime":"2025-10-16T01:32:18.935395076Z","target":"projects/disrupton-new/locations/us-east1/services/disrupton-front","verb":"create","requestedCancellation":false,"apiVersion":"v1"},"done":false}
[debug] [2025-10-16T01:32:20.141Z] [LRO Poller] Retrying task index 0
[debug] [2025-10-16T01:32:20.141Z] Checked if tokens are valid: true, expires at: 1760581161892
[debug] [2025-10-16T01:32:20.142Z] Checked if tokens are valid: true, expires at: 1760581161892
[debug] [2025-10-16T01:32:20.142Z] >>> [apiv2][query] GET https://firebasedataconnect.googleapis.com/v1/projects/disrupton-new/locations/us-east1/operations/operation-1760578334102-6413c9634142b-be72b3f8-1fd92783 [none]
[debug] [2025-10-16T01:32:20.374Z] <<< [apiv2][status] GET https://firebasedataconnect.googleapis.com/v1/projects/disrupton-new/locations/us-east1/operations/operation-1760578334102-6413c9634142b-be72b3f8-1fd92783 200
[debug] [2025-10-16T01:32:20.374Z] <<< [apiv2][body] GET https://firebasedataconnect.googleapis.com/v1/projects/disrupton-new/locations/us-east1/operations/operation-1760578334102-6413c9634142b-be72b3f8-1fd92783 {"name":"projects/disrupton-new/locations/us-east1/operations/operation-1760578334102-6413c9634142b-be72b3f8-1fd92783","metadata":{"@type":"type.googleapis.com/google.firebase.dataconnect.v1.OperationMetadata","createTime":"2025-10-16T01:32:18.935395076Z","target":"projects/disrupton-new/locations/us-east1/services/disrupton-front","verb":"create","requestedCancellation":false,"apiVersion":"v1"},"done":false}
[debug] [2025-10-16T01:32:21.375Z] [LRO Poller] Retrying task index 0
[debug] [2025-10-16T01:32:21.375Z] Checked if tokens are valid: true, expires at: 1760581161892
[debug] [2025-10-16T01:32:21.375Z] Checked if tokens are valid: true, expires at: 1760581161892
[debug] [2025-10-16T01:32:21.375Z] >>> [apiv2][query] GET https://firebasedataconnect.googleapis.com/v1/projects/disrupton-new/locations/us-east1/operations/operation-1760578334102-6413c9634142b-be72b3f8-1fd92783 [none]
[debug] [2025-10-16T01:32:21.588Z] <<< [apiv2][status] GET https://firebasedataconnect.googleapis.com/v1/projects/disrupton-new/locations/us-east1/operations/operation-1760578334102-6413c9634142b-be72b3f8-1fd92783 200
[debug] [2025-10-16T01:32:21.589Z] <<< [apiv2][body] GET https://firebasedataconnect.googleapis.com/v1/projects/disrupton-new/locations/us-east1/operations/operation-1760578334102-6413c9634142b-be72b3f8-1fd92783 {"name":"projects/disrupton-new/locations/us-east1/operations/operation-1760578334102-6413c9634142b-be72b3f8-1fd92783","metadata":{"@type":"type.googleapis.com/google.firebase.dataconnect.v1.OperationMetadata","createTime":"2025-10-16T01:32:18.935395076Z","endTime":"2025-10-16T01:32:20.364883804Z","target":"projects/disrupton-new/locations/us-east1/services/disrupton-front","verb":"create","requestedCancellation":false,"apiVersion":"v1"},"done":true,"response":{"@type":"type.googleapis.com/google.firebase.dataconnect.v1.Service","name":"projects/disrupton-new/locations/us-east1/services/disrupton-front","createTime":"2025-10-16T01:32:18.928728525Z","updateTime":"2025-10-16T01:32:18.928728525Z","uid":"1cec0493-3294-4689-bc8f-1e57af1c4bf3","reconciling":false,"etag":"sOj_TypLTJGtDPQvkChjYMs5-0Z5F6UiP_V3EWFe5FQ"}}
[debug] [2025-10-16T01:32:21.596Z] Checked if tokens are valid: true, expires at: 1760581161892
[debug] [2025-10-16T01:32:21.596Z] Checked if tokens are valid: true, expires at: 1760581161892
[debug] [2025-10-16T01:32:21.596Z] >>> [apiv2][query] POST https://cloudaicompanion.googleapis.com/v1beta/projects/disrupton-new/locations/global/instances/default:completeTask [none]
[debug] [2025-10-16T01:32:21.597Z] >>> [apiv2][body] POST https://cloudaicompanion.googleapis.com/v1beta/projects/disrupton-new/locations/global/instances/default:completeTask {"input":{"messages":[{"content":"Cultural app","author":"USER"}]},"experienceContext":{"experience":"/appeco/firebase/fdc-schema-generator"}}
[debug] [2025-10-16T01:32:29.645Z] <<< [apiv2][status] POST https://cloudaicompanion.googleapis.com/v1beta/projects/disrupton-new/locations/global/instances/default:completeTask 200
[debug] [2025-10-16T01:32:29.645Z] <<< [apiv2][body] POST https://cloudaicompanion.googleapis.com/v1beta/projects/disrupton-new/locations/global/instances/default:completeTask {"output":{"messages":[{"content":"```graphql\ntype User @table {\n  displayName: String!\n  createdAt: Timestamp!\n  email: String\n  photoUrl: String\n  preferredCategories: [String]\n}\n\ntype Event @table {\n  title: String!\n  description: String!\n  startDate: Timestamp!\n  endDate: Timestamp!\n  locationName: String!\n  category: String!\n  imageUrl: String\n  ticketPrice: Float\n  ticketLink: String\n  organizer: User\n  venue: Venue\n}\n\ntype Venue @table {\n  name: String!\n  address: String!\n  city: String!\n  state: String!\n  zipCode: String!\n  type: String!\n  website: String\n  phoneNumber: String\n  description: String\n  imageUrl: String\n}\n\ntype FavoriteEvent @table(key: [\"user\", \"event\"]) {\n  user: User!\n  event: Event!\n  createdAt: Timestamp!\n}\n\ntype TicketPurchase @table {\n  user: User!\n  event: Event!\n  purchaseDate: Timestamp!\n  quantity: Int!\n  totalPrice: Float!\n  status: String!\n  confirmationNumber: String\n}\n```\n"}]},"displayContext":{"additionalContext":{"@type":"type.googleapis.com/google.cloud.cloudaicompanion.v1main.FirebaseChatDisplayContext","firebaseFdcDisplayContext":{"schemaSyntaxError":""}}}}
[debug] [2025-10-16T01:32:29.654Z] Checked if tokens are valid: true, expires at: 1760581161892
[debug] [2025-10-16T01:32:29.654Z] Checked if tokens are valid: true, expires at: 1760581161892
[debug] [2025-10-16T01:32:29.655Z] >>> [apiv2][query] PATCH https://firebasedataconnect.googleapis.com/v1/projects/disrupton-new/locations/us-east1/services/disrupton-front/schemas/main allowMissing=true&validateOnly=false
[debug] [2025-10-16T01:32:29.656Z] >>> [apiv2][body] PATCH https://firebasedataconnect.googleapis.com/v1/projects/disrupton-new/locations/us-east1/services/disrupton-front/schemas/main {"name":"projects/disrupton-new/locations/us-east1/services/disrupton-front/schemas/main","datasources":[{"postgresql":{}}],"source":{"files":[{"path":"schema.gql","content":"type User @table {\n  displayName: String!\n  createdAt: Timestamp!\n  email: String\n  photoUrl: String\n  preferredCategories: [String]\n}\n\ntype Event @table {\n  title: String!\n  description: String!\n  startDate: Timestamp!\n  endDate: Timestamp!\n  locationName: String!\n  category: String!\n  imageUrl: String\n  ticketPrice: Float\n  ticketLink: String\n  organizer: User\n  venue: Venue\n}\n\ntype Venue @table {\n  name: String!\n  address: String!\n  city: String!\n  state: String!\n  zipCode: String!\n  type: String!\n  website: String\n  phoneNumber: String\n  description: String\n  imageUrl: String\n}\n\ntype FavoriteEvent @table(key: [\"user\", \"event\"]) {\n  user: User!\n  event: Event!\n  createdAt: Timestamp!\n}\n\ntype TicketPurchase @table {\n  user: User!\n  event: Event!\n  purchaseDate: Timestamp!\n  quantity: Int!\n  totalPrice: Float!\n  status: String!\n  confirmationNumber: String\n}"}]}}
[debug] [2025-10-16T01:32:30.811Z] <<< [apiv2][status] PATCH https://firebasedataconnect.googleapis.com/v1/projects/disrupton-new/locations/us-east1/services/disrupton-front/schemas/main 200
[debug] [2025-10-16T01:32:30.812Z] <<< [apiv2][body] PATCH https://firebasedataconnect.googleapis.com/v1/projects/disrupton-new/locations/us-east1/services/disrupton-front/schemas/main {"name":"projects/disrupton-new/locations/us-east1/operations/operation-1760578350250-6413c972a7bd6-e37e4fa5-f145776e","metadata":{"@type":"type.googleapis.com/google.firebase.dataconnect.v1.OperationMetadata","createTime":"2025-10-16T01:32:30.356511036Z","target":"projects/disrupton-new/locations/us-east1/services/disrupton-front/schemas/main","verb":"update","requestedCancellation":false,"apiVersion":"v1"},"done":false}
[debug] [2025-10-16T01:32:30.813Z] Checked if tokens are valid: true, expires at: 1760581161892
[debug] [2025-10-16T01:32:30.813Z] Checked if tokens are valid: true, expires at: 1760581161892
[debug] [2025-10-16T01:32:30.813Z] >>> [apiv2][query] GET https://firebasedataconnect.googleapis.com/v1/projects/disrupton-new/locations/us-east1/operations/operation-1760578350250-6413c972a7bd6-e37e4fa5-f145776e [none]
[debug] [2025-10-16T01:32:31.024Z] <<< [apiv2][status] GET https://firebasedataconnect.googleapis.com/v1/projects/disrupton-new/locations/us-east1/operations/operation-1760578350250-6413c972a7bd6-e37e4fa5-f145776e 200
[debug] [2025-10-16T01:32:31.024Z] <<< [apiv2][body] GET https://firebasedataconnect.googleapis.com/v1/projects/disrupton-new/locations/us-east1/operations/operation-1760578350250-6413c972a7bd6-e37e4fa5-f145776e {"name":"projects/disrupton-new/locations/us-east1/operations/operation-1760578350250-6413c972a7bd6-e37e4fa5-f145776e","metadata":{"@type":"type.googleapis.com/google.firebase.dataconnect.v1.OperationMetadata","createTime":"2025-10-16T01:32:30.356511036Z","target":"projects/disrupton-new/locations/us-east1/services/disrupton-front/schemas/main","verb":"update","requestedCancellation":false,"apiVersion":"v1"},"done":false}
[debug] [2025-10-16T01:32:31.538Z] [LRO Poller] Retrying task index 0
[debug] [2025-10-16T01:32:31.539Z] Checked if tokens are valid: true, expires at: 1760581161892
[debug] [2025-10-16T01:32:31.540Z] Checked if tokens are valid: true, expires at: 1760581161892
[debug] [2025-10-16T01:32:31.540Z] >>> [apiv2][query] GET https://firebasedataconnect.googleapis.com/v1/projects/disrupton-new/locations/us-east1/operations/operation-1760578350250-6413c972a7bd6-e37e4fa5-f145776e [none]
[debug] [2025-10-16T01:32:31.743Z] <<< [apiv2][status] GET https://firebasedataconnect.googleapis.com/v1/projects/disrupton-new/locations/us-east1/operations/operation-1760578350250-6413c972a7bd6-e37e4fa5-f145776e 200
[debug] [2025-10-16T01:32:31.744Z] <<< [apiv2][body] GET https://firebasedataconnect.googleapis.com/v1/projects/disrupton-new/locations/us-east1/operations/operation-1760578350250-6413c972a7bd6-e37e4fa5-f145776e {"name":"projects/disrupton-new/locations/us-east1/operations/operation-1760578350250-6413c972a7bd6-e37e4fa5-f145776e","metadata":{"@type":"type.googleapis.com/google.firebase.dataconnect.v1.OperationMetadata","createTime":"2025-10-16T01:32:30.356511036Z","endTime":"2025-10-16T01:32:30.632169907Z","target":"projects/disrupton-new/locations/us-east1/services/disrupton-front/schemas/main","verb":"update","requestedCancellation":false,"apiVersion":"v1"},"done":true,"response":{"@type":"type.googleapis.com/google.firebase.dataconnect.v1.Schema","name":"projects/disrupton-new/locations/us-east1/services/disrupton-front/schemas/main","createTime":"2025-10-16T01:32:30.349303694Z","updateTime":"2025-10-16T01:32:30.349303694Z","uid":"6acd4041-59e7-440a-912c-6c1339522c79","reconciling":false,"etag":"roYQ9j4WJlHzrsBreA3AA2flJYJF1fqajCbItg3y8RA"}}
[debug] [2025-10-16T01:32:31.747Z] Checked if tokens are valid: true, expires at: 1760581161892
[debug] [2025-10-16T01:32:31.747Z] Checked if tokens are valid: true, expires at: 1760581161892
[debug] [2025-10-16T01:32:31.747Z] Checked if tokens are valid: true, expires at: 1760581161892
[debug] [2025-10-16T01:32:31.747Z] Checked if tokens are valid: true, expires at: 1760581161892
[debug] [2025-10-16T01:32:31.747Z] >>> [apiv2][query] POST https://cloudaicompanion.googleapis.com/v1beta/projects/disrupton-new/locations/global/instances/default:completeTask [none]
[debug] [2025-10-16T01:32:31.747Z] >>> [apiv2][body] POST https://cloudaicompanion.googleapis.com/v1beta/projects/disrupton-new/locations/global/instances/default:completeTask {"input":{"messages":[{"content":"Create 4 operations for an app using the instance schema with proper authentication.","author":"USER"}]},"experienceContext":{"experience":"/appeco/firebase/fdc-query-generator"},"clientContext":{"additionalContext":{"@type":"type.googleapis.com/google.cloud.cloudaicompanion.v1main.FirebaseChatRequestContext","fdcInfo":{"fdcServiceName":"projects/disrupton-new/locations/us-east1/services/disrupton-front","requiresQuery":true}}}}
[debug] [2025-10-16T01:32:31.747Z] >>> [apiv2][query] POST https://cloudaicompanion.googleapis.com/v1beta/projects/disrupton-new/locations/global/instances/default:completeTask [none]
[debug] [2025-10-16T01:32:31.748Z] >>> [apiv2][body] POST https://cloudaicompanion.googleapis.com/v1beta/projects/disrupton-new/locations/global/instances/default:completeTask {"input":{"messages":[{"content":"Create a mutation to populate the database with some seed data.","author":"USER"}]},"experienceContext":{"experience":"/appeco/firebase/fdc-query-generator"},"clientContext":{"additionalContext":{"@type":"type.googleapis.com/google.cloud.cloudaicompanion.v1main.FirebaseChatRequestContext","fdcInfo":{"fdcServiceName":"projects/disrupton-new/locations/us-east1/services/disrupton-front","requiresQuery":true}}}}
[debug] [2025-10-16T01:32:34.949Z] <<< [apiv2][status] POST https://cloudaicompanion.googleapis.com/v1beta/projects/disrupton-new/locations/global/instances/default:completeTask 200
[debug] [2025-10-16T01:32:34.949Z] <<< [apiv2][body] POST https://cloudaicompanion.googleapis.com/v1beta/projects/disrupton-new/locations/global/instances/default:completeTask {"output":{"messages":[{"content":"```graphql\nmutation CreateUser @auth(level: USER) {\n  user_insert(data: {\n    displayName: \"New User\",\n    createdAt_expr: \"request.time\"\n  })\n}\n\nquery ListVenues @auth(level: PUBLIC, insecureReason: \"This operation is safe to expose to the public\") {\n  venues {\n    id\n    name\n    address\n  }\n}\n\nmutation UpdateEventDescription($id: UUID!, $description: String!) @auth(level: USER, insecureReason: \"This operation is safe to expose to all logged in users.\") {\n  event_update(\n    id: $id,\n    data: {\n      description: $description\n    }\n  )\n}\n\nquery GetEventsByCategory($category: String!) @auth(level: PUBLIC, insecureReason: \"This operation is safe to expose to the public\") {\n  events(where: {category: {eq: $category}}) {\n    id\n    title\n    startDate\n    endDate\n  }\n}\n```","author":"model"}]},"outputDataContext":{"additionalContext":{"@type":"type.googleapis.com/google.cloud.cloudaicompanion.v1main.ChatOutputDataContext","relatedContent":{}}},"attributionContext":{"citationMetadata":{}}}
[debug] [2025-10-16T01:32:37.500Z] <<< [apiv2][status] POST https://cloudaicompanion.googleapis.com/v1beta/projects/disrupton-new/locations/global/instances/default:completeTask 200
[debug] [2025-10-16T01:32:37.501Z] <<< [apiv2][body] POST https://cloudaicompanion.googleapis.com/v1beta/projects/disrupton-new/locations/global/instances/default:completeTask {"output":{"messages":[{"content":"```graphql\nmutation CreateSeedData @transaction @auth(level: PUBLIC, insecureReason: \"This operation is used to populate the database with seed data and is safe to expose to the public.\") {\n  user_insertMany(data: [\n    {\n      id: \"550e8400-e29b-41d4-a716-446655440000\",\n      createdAt: \"2024-04-01T12:00:00Z\",\n      displayName: \"demouser1\",\n    },\n    {\n      id: \"550e8400-e29b-41d4-a716-446655440001\",\n      createdAt: \"2024-04-01T12:00:00Z\",\n      displayName: \"demouser2\",\n    }\n  ])\n  venue_insertMany(data: [\n    {\n      id: \"650e8400-e29b-41d4-a716-446655440000\",\n      address: \"123 Main St\",\n      city: \"Anytown\",\n      state: \"CA\",\n      zipCode: \"91234\",\n      name: \"Demo Venue 1\",\n      type: \"Concert Hall\",\n    },\n    {\n      id: \"650e8400-e29b-41d4-a716-446655440001\",\n      address: \"456 Elm St\",\n      city: \"Springfield\",\n      state: \"IL\",\n      zipCode: \"62704\",\n      name: \"Demo Venue 2\",\n      type: \"Theater\",\n    }\n  ])\n  event_insertMany(data: [\n    {\n      id: \"750e8400-e29b-41d4-a716-446655440000\",\n      organizerId: \"550e8400-e29b-41d4-a716-446655440000\",\n      venueId: \"650e8400-e29b-41d4-a716-446655440000\",\n      category: \"Music\",\n      description: \"Demo Event 1\",\n      endDate: \"2024-04-05T22:00:00Z\",\n      locationName: \"Demo Venue 1\",\n      startDate: \"2024-04-05T19:00:00Z\",\n      title: \"Demo Event 1\",\n      ticketPrice: 25.00,\n    },\n    {\n      id: \"750e8400-e29b-41d4-a716-446655440001\",\n      organizerId: \"550e8400-e29b-41d4-a716-446655440001\",\n      venueId: \"650e8400-e29b-41d4-a716-446655440001\",\n      category: \"Theater\",\n      description: \"Demo Event 2\",\n      endDate: \"2024-04-06T21:00:00Z\",\n      locationName: \"Demo Venue 2\",\n      startDate: \"2024-04-06T14:00:00Z\",\n      title: \"Demo Event 2\",\n      ticketPrice: 30.00,\n    }\n  ])\n}\n```\n","author":"model"}]},"outputDataContext":{"additionalContext":{"@type":"type.googleapis.com/google.cloud.cloudaicompanion.v1main.ChatOutputDataContext","relatedContent":{}}},"attributionContext":{"citationMetadata":{}}}
[info] +  Wrote dataconnect\dataconnect.yaml 
[info] +  Wrote dataconnect\seed_data.gql 
[info] +  Wrote dataconnect\schema\schema.gql 
[info] +  Wrote dataconnect\example\connector.yaml 
[info] +  Wrote dataconnect\example\queries.gql 
[info] +  Wrote dataconnect\example\connector.yaml 
[info] i  dataconnect: Installing the generated SDKs ... 
[info] i  dataconnect: downloading dataconnect-emulator-2.15.0.exe... {"metadata":{"emulator":{"name":"dataconnect"},"message":"downloading dataconnect-emulator-2.15.0.exe..."}}
[debug] [2025-10-16T01:32:37.613Z] >>> [apiv2][query] GET https://storage.googleapis.com/firemat-preview-drop/emulator/dataconnect-emulator-windows-v2.15.0 
[debug] [2025-10-16T01:32:38.007Z] <<< [apiv2][status] GET https://storage.googleapis.com/firemat-preview-drop/emulator/dataconnect-emulator-windows-v2.15.0 200
[debug] [2025-10-16T01:32:38.008Z] <<< [apiv2][body] GET https://storage.googleapis.com/firemat-preview-drop/emulator/dataconnect-emulator-windows-v2.15.0 [stream]
[debug] [2025-10-16T01:33:05.606Z] defaultcredentials: writing to file C:\Users\pomaj\AppData\Roaming\firebase\juan_velo_utec.edu.pe_application_default_credentials.json
[info] +  dataconnect: Installed generated SDKs for . (flutter) 
[info] 
=== Firestore Setup
[info] i  firestore: ensuring required API firestore.googleapis.com is enabled... 
[debug] [2025-10-16T01:33:06.896Z] Checked if tokens are valid: true, expires at: 1760581161892
[debug] [2025-10-16T01:33:06.896Z] Checked if tokens are valid: true, expires at: 1760581161892
[debug] [2025-10-16T01:33:06.897Z] >>> [apiv2][query] GET https://serviceusage.googleapis.com/v1/projects/disrupton-new/services/firestore.googleapis.com [none]
[debug] [2025-10-16T01:33:06.897Z] >>> [apiv2][(partial)header] GET https://serviceusage.googleapis.com/v1/projects/disrupton-new/services/firestore.googleapis.com x-goog-quota-user=projects/disrupton-new
[debug] [2025-10-16T01:33:08.241Z] <<< [apiv2][status] GET https://serviceusage.googleapis.com/v1/projects/disrupton-new/services/firestore.googleapis.com 200
[debug] [2025-10-16T01:33:08.242Z] <<< [apiv2][body] GET https://serviceusage.googleapis.com/v1/projects/disrupton-new/services/firestore.googleapis.com [omitted]
[info] +  firestore: required API firestore.googleapis.com is enabled 
[debug] [2025-10-16T01:33:08.245Z] Checked if tokens are valid: true, expires at: 1760581161892
[debug] [2025-10-16T01:33:08.245Z] Checked if tokens are valid: true, expires at: 1760581161892
[debug] [2025-10-16T01:33:08.245Z] >>> [apiv2][query] GET https://firestore.googleapis.com/v1/projects/disrupton-new/databases [none]
[debug] [2025-10-16T01:33:09.047Z] <<< [apiv2][status] GET https://firestore.googleapis.com/v1/projects/disrupton-new/databases 200
[debug] [2025-10-16T01:33:09.047Z] <<< [apiv2][body] GET https://firestore.googleapis.com/v1/projects/disrupton-new/databases {"databases":[{"name":"projects/disrupton-new/databases/(default)","uid":"f746fa7c-8b01-40cc-b8c4-73c23427eed7","createTime":"2025-07-31T22:34:51.153463Z","updateTime":"2025-07-31T22:34:51.153463Z","locationId":"us-west1","type":"FIRESTORE_NATIVE","concurrencyMode":"PESSIMISTIC","versionRetentionPeriod":"3600s","earliestVersionTime":"2025-10-16T00:33:08.698587Z","appEngineIntegrationMode":"DISABLED","keyPrefix":"zuw","pointInTimeRecoveryEnablement":"POINT_IN_TIME_RECOVERY_DISABLED","deleteProtectionState":"DELETE_PROTECTION_DISABLED","databaseEdition":"STANDARD","freeTier":true,"realtimeUpdatesMode":"REALTIME_UPDATES_MODE_ENABLED","etag":"IJPYxMvJp5ADMI3H9uTplY8D"}]}
[info] 
[info] Firestore Security Rules allow you to define how and when to allow
[info] requests. You can keep these rules in your project directory
[info] and publish them with firebase deploy.
[info] 
[debug] [2025-10-16T01:33:35.405Z] Checked if tokens are valid: true, expires at: 1760581161892
[debug] [2025-10-16T01:33:35.405Z] Checked if tokens are valid: true, expires at: 1760581161892
[debug] [2025-10-16T01:33:35.406Z] >>> [apiv2][query] GET https://firebaserules.googleapis.com/v1/projects/disrupton-new/releases pageSize=10&pageToken=
[debug] [2025-10-16T01:33:36.485Z] <<< [apiv2][status] GET https://firebaserules.googleapis.com/v1/projects/disrupton-new/releases 200
[debug] [2025-10-16T01:33:36.485Z] <<< [apiv2][body] GET https://firebaserules.googleapis.com/v1/projects/disrupton-new/releases {"releases":[{"name":"projects/disrupton-new/releases/cloud.firestore","rulesetName":"projects/disrupton-new/rulesets/706781d1-e9f9-47e6-bad3-e5099efb03a1","createTime":"2025-07-31T22:34:55.775307Z","updateTime":"2025-08-13T21:55:26.533544Z"},{"name":"projects/disrupton-new/releases/firebase.storage/disrupton-new.firebasestorage.app","rulesetName":"projects/disrupton-new/rulesets/7a8841a1-b342-4082-8e45-55492c8a61b5","createTime":"2025-08-04T13:28:27.002775Z","updateTime":"2025-08-26T03:42:42.357597Z"}]}
[debug] [2025-10-16T01:33:36.532Z] Checked if tokens are valid: true, expires at: 1760581161892
[debug] [2025-10-16T01:33:36.532Z] Checked if tokens are valid: true, expires at: 1760581161892
[debug] [2025-10-16T01:33:36.532Z] >>> [apiv2][query] GET https://firebaserules.googleapis.com/v1/projects/disrupton-new/rulesets/706781d1-e9f9-47e6-bad3-e5099efb03a1 [none]
[debug] [2025-10-16T01:33:37.473Z] <<< [apiv2][status] GET https://firebaserules.googleapis.com/v1/projects/disrupton-new/rulesets/706781d1-e9f9-47e6-bad3-e5099efb03a1 200
[debug] [2025-10-16T01:33:37.473Z] <<< [apiv2][body] GET https://firebaserules.googleapis.com/v1/projects/disrupton-new/rulesets/706781d1-e9f9-47e6-bad3-e5099efb03a1 [omitted]
[info] i  Downloaded the existing Firestore Security Rules from the Firebase console 
[info] 
[info] Firestore indexes allow you to perform complex queries while
[info] maintaining performance that scales with the size of the result
[info] set. You can keep index definitions in your project directory
[info] and publish them with firebase deploy.
[info] 
[debug] [2025-10-16T01:33:49.341Z] Checked if tokens are valid: true, expires at: 1760581161892
[debug] [2025-10-16T01:33:49.342Z] Checked if tokens are valid: true, expires at: 1760581161892
[debug] [2025-10-16T01:33:49.342Z] Checked if tokens are valid: true, expires at: 1760581161892
[debug] [2025-10-16T01:33:49.342Z] Checked if tokens are valid: true, expires at: 1760581161892
[debug] [2025-10-16T01:33:49.343Z] >>> [apiv2][query] GET https://firestore.googleapis.com/v1/projects/disrupton-new/databases/(default)/collectionGroups/-/indexes [none]
[debug] [2025-10-16T01:33:49.350Z] >>> [apiv2][query] GET https://firestore.googleapis.com/v1/projects/disrupton-new/databases/(default)/collectionGroups/-/fields?filter=indexConfig.usesAncestorConfig=false OR ttlConfig:* [none]
[debug] [2025-10-16T01:33:50.511Z] <<< [apiv2][status] GET https://firestore.googleapis.com/v1/projects/disrupton-new/databases/(default)/collectionGroups/-/fields?filter=indexConfig.usesAncestorConfig=false OR ttlConfig:* 200
[debug] [2025-10-16T01:33:50.512Z] <<< [apiv2][body] GET https://firestore.googleapis.com/v1/projects/disrupton-new/databases/(default)/collectionGroups/-/fields?filter=indexConfig.usesAncestorConfig=false OR ttlConfig:* {"fields":[{"name":"projects/disrupton-new/databases/(default)/collectionGroups/__default__/fields/*","indexConfig":{"indexes":[{"queryScope":"COLLECTION","fields":[{"fieldPath":"*","order":"ASCENDING"}],"state":"READY"},{"queryScope":"COLLECTION","fields":[{"fieldPath":"*","order":"DESCENDING"}],"state":"READY"},{"queryScope":"COLLECTION","fields":[{"fieldPath":"*","arrayConfig":"CONTAINS"}],"state":"READY"}]}}]}
[debug] [2025-10-16T01:33:50.576Z] <<< [apiv2][status] GET https://firestore.googleapis.com/v1/projects/disrupton-new/databases/(default)/collectionGroups/-/indexes 200
[debug] [2025-10-16T01:33:50.577Z] <<< [apiv2][body] GET https://firestore.googleapis.com/v1/projects/disrupton-new/databases/(default)/collectionGroups/-/indexes {"indexes":[{"name":"projects/disrupton-new/databases/(default)/collectionGroups/comentarios_mural/indexes/CICAgOjXh4EJ","queryScope":"COLLECTION","fields":[{"fieldPath":"preguntaId","order":"ASCENDING"},{"fieldPath":"createdAt","order":"ASCENDING"},{"fieldPath":"__name__","order":"ASCENDING"}],"state":"READY","density":"SPARSE_ALL"},{"name":"projects/disrupton-new/databases/(default)/collectionGroups/preguntas_murales/indexes/CICAgJim14AK","queryScope":"COLLECTION","fields":[{"fieldPath":"endDate","order":"ASCENDING"},{"fieldPath":"startDate","order":"ASCENDING"},{"fieldPath":"__name__","order":"ASCENDING"}],"state":"READY","density":"SPARSE_ALL"},{"name":"projects/disrupton-new/databases/(default)/collectionGroups/collaborator_comments/indexes/CICAgOjXh4EK","queryScope":"COLLECTION","fields":[{"fieldPath":"culturalAgentId","order":"ASCENDING"},{"fieldPath":"fecha","order":"DESCENDING"},{"fieldPath":"__name__","order":"DESCENDING"}],"state":"READY","density":"SPARSE_ALL"}]}
[info] i  Downloaded the existing Firestore indexes from the Firebase console 
[info] +  Wrote firestore.rules 
[info] +  Wrote firestore.indexes.json 
[info] 
=== Genkit Setup
[warn] !  genkit: Stopped Genkit initialization 
[info] 
=== Functions Setup
[debug] [2025-10-16T01:34:23.527Z] > command requires scopes: ["email","openid","https://www.googleapis.com/auth/cloudplatformprojects.readonly","https://www.googleapis.com/auth/firebase","https://www.googleapis.com/auth/cloud-platform"]
[debug] [2025-10-16T01:34:23.528Z] > authorizing via signed-in user (juan.velo@utec.edu.pe)
[debug] [2025-10-16T01:34:23.528Z] [iam] checking project disrupton-new for permissions ["firebase.projects.get"]
[debug] [2025-10-16T01:34:23.529Z] Checked if tokens are valid: true, expires at: 1760581161892
[debug] [2025-10-16T01:34:23.529Z] Checked if tokens are valid: true, expires at: 1760581161892
[debug] [2025-10-16T01:34:23.529Z] >>> [apiv2][query] POST https://cloudresourcemanager.googleapis.com/v1/projects/disrupton-new:testIamPermissions [none]
[debug] [2025-10-16T01:34:23.529Z] >>> [apiv2][(partial)header] POST https://cloudresourcemanager.googleapis.com/v1/projects/disrupton-new:testIamPermissions x-goog-quota-user=projects/disrupton-new
[debug] [2025-10-16T01:34:23.529Z] >>> [apiv2][body] POST https://cloudresourcemanager.googleapis.com/v1/projects/disrupton-new:testIamPermissions {"permissions":["firebase.projects.get"]}
[debug] [2025-10-16T01:34:24.600Z] <<< [apiv2][status] POST https://cloudresourcemanager.googleapis.com/v1/projects/disrupton-new:testIamPermissions 200
[debug] [2025-10-16T01:34:24.601Z] <<< [apiv2][body] POST https://cloudresourcemanager.googleapis.com/v1/projects/disrupton-new:testIamPermissions {"permissions":["firebase.projects.get"]}
[debug] [2025-10-16T01:34:24.602Z] Checked if tokens are valid: true, expires at: 1760581161892
[debug] [2025-10-16T01:34:24.602Z] Checked if tokens are valid: true, expires at: 1760581161892
[debug] [2025-10-16T01:34:24.603Z] Checked if tokens are valid: true, expires at: 1760581161892
[debug] [2025-10-16T01:34:24.603Z] Checked if tokens are valid: true, expires at: 1760581161892
[debug] [2025-10-16T01:34:24.603Z] >>> [apiv2][query] GET https://serviceusage.googleapis.com/v1/projects/disrupton-new/services/cloudfunctions.googleapis.com [none]
[debug] [2025-10-16T01:34:24.603Z] >>> [apiv2][(partial)header] GET https://serviceusage.googleapis.com/v1/projects/disrupton-new/services/cloudfunctions.googleapis.com x-goog-quota-user=projects/disrupton-new
[debug] [2025-10-16T01:34:24.608Z] >>> [apiv2][query] GET https://serviceusage.googleapis.com/v1/projects/disrupton-new/services/runtimeconfig.googleapis.com [none]
[debug] [2025-10-16T01:34:24.608Z] >>> [apiv2][(partial)header] GET https://serviceusage.googleapis.com/v1/projects/disrupton-new/services/runtimeconfig.googleapis.com x-goog-quota-user=projects/disrupton-new
[debug] [2025-10-16T01:34:25.714Z] <<< [apiv2][status] GET https://serviceusage.googleapis.com/v1/projects/disrupton-new/services/cloudfunctions.googleapis.com 200
[debug] [2025-10-16T01:34:25.715Z] <<< [apiv2][body] GET https://serviceusage.googleapis.com/v1/projects/disrupton-new/services/cloudfunctions.googleapis.com [omitted]
[debug] [2025-10-16T01:34:25.715Z] Checked if tokens are valid: true, expires at: 1760581161892
[debug] [2025-10-16T01:34:25.715Z] Checked if tokens are valid: true, expires at: 1760581161892
[debug] [2025-10-16T01:34:25.715Z] >>> [apiv2][query] POST https://serviceusage.googleapis.com/v1/projects/disrupton-new/services/cloudfunctions.googleapis.com:enable [none]
[debug] [2025-10-16T01:34:25.715Z] >>> [apiv2][(partial)header] POST https://serviceusage.googleapis.com/v1/projects/disrupton-new/services/cloudfunctions.googleapis.com:enable x-goog-quota-user=projects/disrupton-new
[debug] [2025-10-16T01:34:25.760Z] <<< [apiv2][status] GET https://serviceusage.googleapis.com/v1/projects/disrupton-new/services/runtimeconfig.googleapis.com 200
[debug] [2025-10-16T01:34:25.761Z] <<< [apiv2][body] GET https://serviceusage.googleapis.com/v1/projects/disrupton-new/services/runtimeconfig.googleapis.com [omitted]
[debug] [2025-10-16T01:34:26.983Z] <<< [apiv2][status] POST https://serviceusage.googleapis.com/v1/projects/disrupton-new/services/cloudfunctions.googleapis.com:enable 200
[debug] [2025-10-16T01:34:26.983Z] <<< [apiv2][body] POST https://serviceusage.googleapis.com/v1/projects/disrupton-new/services/cloudfunctions.googleapis.com:enable [omitted]
[info] Let's create a new codebase for your functions.
[info] A directory corresponding to the codebase will be created in your project
[info] with sample code pre-configured.

[info] See https://firebase.google.com/docs/functions/organize-functions for
[info] more information on organizing your functions using codebases.

[info] Functions can be deployed with firebase deploy.

[info] +  Wrote functions/requirements.txt 
[info] +  Wrote functions/.gitignore 
[info] +  Wrote functions/main.py 
[debug] [2025-10-16T01:35:21.309Z] Running command with virtualenv: command="C:\Users\pomaj\Downloads\UTEC\UTEC_2025_1\Disrupton_proyecto_completo\disrupton-front\functions\venv\Scripts\activate.bat", args=["","&&","pip3","install","--upgrade","pip"]
[debug] [2025-10-16T01:35:21.536Z] Error: spawn "C:\Users\pomaj\Downloads\UTEC\UTEC_2025_1\Disrupton_proyecto_completo\disrupton-front\functions\venv\Scripts\activate.bat" ENOENT
    at notFoundError (C:\Users\pomaj\AppData\Roaming\npm\node_modules\firebase-tools\node_modules\cross-spawn\lib\enoent.js:6:26)
    at verifyENOENT (C:\Users\pomaj\AppData\Roaming\npm\node_modules\firebase-tools\node_modules\cross-spawn\lib\enoent.js:40:16)
    at cp.emit (C:\Users\pomaj\AppData\Roaming\npm\node_modules\firebase-tools\node_modules\cross-spawn\lib\enoent.js:27:25)
    at ChildProcess._handle.onexit (node:internal/child_process:293:12)
    at Process.callbackTrampoline (node:internal/async_hooks:130:17)
[error] 
[error] Error: An unexpected error has occurred.
